
> @sql-detective/client@0.1.0 build
> vite build

[36mvite v6.4.3 [32mbuilding for production...[36m[39m
transforming...
[32m✓[39m 2103 modules transformed.
rendering chunks...
computing gzip size...
[2mdist/[22m[32mindex.html                 [39m[1m[2m    0.58 kB[22m[1m[22m[2m │ gzip:   0.35 kB[22m
[2mdist/[22m[32massets/case3-CzKkau90.png  [39m[1m[2m1,874.91 kB[22m[1m[22m
[2mdist/[22m[32massets/case2-OVNXxMRT.png  [39m[1m[2m1,942.61 kB[22m[1m[22m
[2mdist/[22m[32massets/case4-iGskS_vs.png  [39m[1m[2m2,129.58 kB[22m[1m[22m
[2mdist/[22m[32massets/case1-F281HuFd.png  [39m[1m[2m2,252.75 kB[22m[1m[22m
[2mdist/[22m[32massets/case5-D0tsYKK9.png  [39m[1m[2m2,447.87 kB[22m[1m[22m
[2mdist/[22m[35massets/index-DFISjNT6.css  [39m[1m[2m   50.74 kB[22m[1m[22m[2m │ gzip:   9.72 kB[22m
[2mdist/[22m[36massets/index-CRKP03l1.js   [39m[1m[33m  690.79 kB[39m[22m[2m │ gzip: 208.09 kB[22m
[32m✓ built in 5.80s[39m
